{
    "heartrate": [
        {
            "duration": [
                {
                    "hours": [
                        0
                    ],
                    "minutes": [
                        0
                    ],
                    "seconds": [
                        14
                    ]
                }
            ],
            "limits": [
                {
                    "high": [
                        117
                    ],
                    "low": [
                        98
                    ]
                }
            ]
        },
        {
            "duration": [
                {
                    "hours": [
                        0
                    ],
                    "minutes": [
                        0
                    ],
                    "seconds": [
                        13
                    ]
                }
            ],
            "limits": [
                {
                    "high": [
                        137
                    ],
                    "low": [
                        117
                    ]
                }
            ]
        },
        {
            "duration": [
                {
                    "hours": [
                        0
                    ],
                    "minutes": [
                        1
                    ],
                    "seconds": [
                        51
                    ]
                }
            ],
            "limits": [
                {
                    "high": [
                        156
                    ],
                    "low": [
                        137
                    ]
                }
            ]
        },
        {
            "duration": [
                {
                    "hours": [
                        0
                    ],
                    "minutes": [
                        1
                    ],
                    "seconds": [
                        31
                    ]
                }
            ],
            "limits": [
                {
                    "high": [
                        176
                    ],
                    "low": [
                        156
                    ]
                }
            ]
        },
        {
            "duration": [
                {
                    "hours": [
                        0
                    ],
                    "minutes": [
                        0
                    ],
                    "seconds": [
                        0
                    ]
                }
            ],
            "limits": [
                {
                    "high": [
                        195
                    ],
                    "low": [
                        176
                    ]
                }
            ]
        }
    ],
    "heartrate-source": [
        0
    ]
}
