{
    "calories": [
        36
    ],
    "cardio-load": [
        {
            "activity-load": [
                0
            ],
            "exercise-load": [
                2.823185443878174
            ]
        }
    ],
    "cardio-load-interpretation": [
        1
    ],
    "duration": [
        {
            "hours": [
                0
            ],
            "milliseconds": [
                0
            ],
            "minutes": [
                5
            ],
            "seconds": [
                58
            ]
        }
    ],
    "sensors": [
        1,
        2,
        3,
        4,
        20,
        21,
        6,
        7,
        8,
        11,
        13,
        14,
        15,
        16,
        17,
        18,
        19,
        26,
        27,
        6,
        28,
        29,
        6,
        31,
        32
    ],
    "sport": [
        {
            "value": [
                15
            ]
        }
    ],
    "start": [
        {
            "date": [
                {
                    "day": [
                        22
                    ],
                    "month": [
                        2
                    ],
                    "year": [
                        2019
                    ]
                }
            ],
            "offset": [
                120
            ],
            "time": [
                {
                    "hour": [
                        21
                    ],
                    "milliseconds": [
                        571
                    ],
                    "minute": [
                        13
                    ],
                    "seconds": [
                        41
                    ]
                }
            ],
            "trusted": [
                0
            ]
        }
    ],
    "training-load": [
        {
            "carbs": [
                40
            ],
            "fat": [
                60
            ],
            "load-value": [
                2
            ],
            "protein": [
                0
            ],
            "recovery-time": [
                {
                    "hours": [
                        0
                    ],
                    "milliseconds": [
                        0
                    ],
                    "minutes": [
                        11
                    ],
                    "seconds": [
                        0
                    ]
                }
            ]
        }
    ]
}
