{
    "calories": [
        28
    ],
    "distance": [
        1150.800048828125
    ],
    "duration": [
        {
            "hours": [
                0
            ],
            "milliseconds": [
                375
            ],
            "minutes": [
                3
            ],
            "seconds": [
                7
            ]
        }
    ],
    "sensors": [
        1,
        2,
        3,
        4,
        20,
        21,
        6,
        7,
        8,
        11,
        13,
        14,
        15,
        16,
        17,
        18,
        19,
        26,
        27,
        6,
        28,
        29,
        6,
        31,
        32
    ],
    "sport": [
        {
            "value": [
                2
            ]
        }
    ],
    "start": [
        {
            "date": [
                {
                    "day": [
                        29
                    ],
                    "month": [
                        11
                    ],
                    "year": [
                        2017
                    ]
                }
            ],
            "offset": [
                60
            ],
            "time": [
                {
                    "hour": [
                        19
                    ],
                    "milliseconds": [
                        0
                    ],
                    "minute": [
                        23
                    ],
                    "seconds": [
                        56
                    ]
                }
            ],
            "trusted": [
                0
            ]
        }
    ],
    "training-load": [
        {
            "carbs": [
                62
            ],
            "fat": [
                37
            ],
            "load-value": [
                3
            ],
            "protein": [
                1
            ],
            "recovery-time": [
                {
                    "hours": [
                        0
                    ],
                    "milliseconds": [
                        0
                    ],
                    "minutes": [
                        13
                    ],
                    "seconds": [
                        0
                    ]
                }
            ]
        }
    ]
}
