{
    "calories": [
        36
    ],
    "cardio-load": [
        {
            "activity-load": [
                0
            ],
            "exercise-load": [
                2.823185443878174
            ]
        }
    ],
    "cardio-load-interpretation": [
        1
    ],
    "device": [
        "44B07824"
    ],
    "duration": [
        {
            "hours": [
                0
            ],
            "milliseconds": [
                0
            ],
            "minutes": [
                5
            ],
            "seconds": [
                58
            ]
        }
    ],
    "end": [
        {
            "date": [
                {
                    "day": [
                        22
                    ],
                    "month": [
                        2
                    ],
                    "year": [
                        2019
                    ]
                }
            ],
            "offset": [
                120
            ],
            "time": [
                {
                    "hour": [
                        21
                    ],
                    "milliseconds": [
                        262
                    ],
                    "minute": [
                        20
                    ],
                    "seconds": [
                        42
                    ]
                }
            ],
            "trusted": [
                0
            ]
        }
    ],
    "exercise-count": [
        1
    ],
    "heartrate": [
        {
            "average": [
                98
            ],
            "maximum": [
                126
            ]
        }
    ],
    "heartrate-duration": [
        {
            "hours": [
                0
            ],
            "minutes": [
                3
            ],
            "seconds": [
                36
            ]
        },
        {
            "hours": [
                0
            ],
            "minutes": [
                1
            ],
            "seconds": [
                8
            ]
        },
        {
            "hours": [
                0
            ],
            "minutes": [
                0
            ],
            "seconds": [
                0
            ]
        },
        {
            "hours": [
                0
            ],
            "minutes": [
                0
            ],
            "seconds": [
                0
            ]
        },
        {
            "hours": [
                0
            ],
            "minutes": [
                0
            ],
            "seconds": [
                0
            ]
        }
    ],
    "model": [
        "Polar Vantage V"
    ],
    "session-name": [
        {
            "text": [
                ""
            ]
        }
    ],
    "start": [
        {
            "date": [
                {
                    "day": [
                        22
                    ],
                    "month": [
                        2
                    ],
                    "year": [
                        2019
                    ]
                }
            ],
            "offset": [
                120
            ],
            "time": [
                {
                    "hour": [
                        21
                    ],
                    "milliseconds": [
                        560
                    ],
                    "minute": [
                        13
                    ],
                    "seconds": [
                        41
                    ]
                }
            ],
            "trusted": [
                0
            ]
        }
    ],
    "training-load": [
        {
            "carbs": [
                40
            ],
            "fat": [
                60
            ],
            "load-value": [
                2
            ],
            "protein": [
                0
            ],
            "recovery-time": [
                {
                    "hours": [
                        0
                    ],
                    "milliseconds": [
                        0
                    ],
                    "minutes": [
                        11
                    ],
                    "seconds": [
                        0
                    ]
                }
            ]
        }
    ],
    "training-target": [
        {
            "last-modified": [
                {
                    "date": [
                        {
                            "day": [
                                21
                            ],
                            "month": [
                                2
                            ],
                            "year": [
                                2019
                            ]
                        }
                    ],
                    "time": [
                        {
                            "hour": [
                                15
                            ],
                            "milliseconds": [
                                0
                            ],
                            "minute": [
                                58
                            ],
                            "seconds": [
                                8
                            ]
                        }
                    ],
                    "trusted": [
                        0
                    ]
                }
            ],
            "value": [
                693213625
            ]
        }
    ]
}
