{
    "laps": [
        {
            "header": [
                {
                    "distance": [
                        50
                    ],
                    "duration": [
                        {
                            "hours": [
                                0
                            ],
                            "milliseconds": [
                                875
                            ],
                            "minutes": [
                                1
                            ],
                            "seconds": [
                                29
                            ]
                        }
                    ],
                    "split-time": [
                        {
                            "hours": [
                                0
                            ],
                            "milliseconds": [
                                875
                            ],
                            "minutes": [
                                1
                            ],
                            "seconds": [
                                29
                            ]
                        }
                    ]
                }
            ],
            "stats": [
                {
                    "heartrate": [
                        {
                            "average": [
                                138
                            ],
                            "maximum": [
                                148
                            ],
                            "minimum": [
                                102
                            ]
                        }
                    ],
                    "speed": [
                        {
                            "average": [
                                2.025202512741089
                            ],
                            "maximum": [
                                2.146946668624878
                            ]
                        }
                    ],
                    "swimming": [
                        {
                            "average-duration": [
                                44.439998626708984
                            ],
                            "pool-count": [
                                2
                            ],
                            "strokes": [
                                46
                            ]
                        }
                    ]
                }
            ]
        },
        {
            "header": [
                {
                    "distance": [
                        50
                    ],
                    "duration": [
                        {
                            "hours": [
                                0
                            ],
                            "milliseconds": [
                                375
                            ],
                            "minutes": [
                                1
                            ],
                            "seconds": [
                                31
                            ]
                        }
                    ],
                    "split-time": [
                        {
                            "hours": [
                                0
                            ],
                            "milliseconds": [
                                250
                            ],
                            "minutes": [
                                3
                            ],
                            "seconds": [
                                1
                            ]
                        }
                    ]
                }
            ],
            "stats": [
                {
                    "heartrate": [
                        {
                            "average": [
                                150
                            ],
                            "maximum": [
                                152
                            ],
                            "minimum": [
                                146
                            ]
                        }
                    ],
                    "speed": [
                        {
                            "average": [
                                1.299451231956482
                            ],
                            "maximum": [
                                1.9867550134658813
                            ]
                        }
                    ],
                    "swimming": [
                        {
                            "average-duration": [
                                69.26000213623047
                            ],
                            "pool-count": [
                                2
                            ],
                            "strokes": [
                                65
                            ]
                        }
                    ]
                }
            ]
        },
        {
            "header": [
                {
                    "distance": [
                        50
                    ],
                    "duration": [
                        {
                            "hours": [
                                0
                            ],
                            "milliseconds": [
                                125
                            ],
                            "minutes": [
                                1
                            ],
                            "seconds": [
                                30
                            ]
                        }
                    ],
                    "split-time": [
                        {
                            "hours": [
                                0
                            ],
                            "milliseconds": [
                                375
                            ],
                            "minutes": [
                                4
                            ],
                            "seconds": [
                                31
                            ]
                        }
                    ]
                }
            ],
            "stats": [
                {
                    "heartrate": [
                        {
                            "average": [
                                154
                            ],
                            "maximum": [
                                159
                            ],
                            "minimum": [
                                150
                            ]
                        }
                    ],
                    "speed": [
                        {
                            "average": [
                                1.970227599143982
                            ],
                            "maximum": [
                                1.9858781099319458
                            ]
                        }
                    ],
                    "swimming": [
                        {
                            "average-duration": [
                                45.68000030517578
                            ],
                            "pool-count": [
                                2
                            ],
                            "strokes": [
                                42
                            ]
                        }
                    ]
                }
            ]
        }
    ],
    "summary": [
        {
            "average-duration": [
                {
                    "hours": [
                        0
                    ],
                    "milliseconds": [
                        625
                    ],
                    "minutes": [
                        1
                    ],
                    "seconds": [
                        30
                    ]
                }
            ],
            "best-duration": [
                {
                    "hours": [
                        0
                    ],
                    "milliseconds": [
                        875
                    ],
                    "minutes": [
                        1
                    ],
                    "seconds": [
                        29
                    ]
                }
            ]
        }
    ]
}
