{
    "altitude": [
        {
            "average": [
                134.2169189453125
            ],
            "maximum": [
                134.41842651367188
            ],
            "minimum": [
                133.35162353515625
            ]
        }
    ],
    "cadence": [
        {
            "average": [
                90
            ],
            "maximum": [
                95
            ]
        }
    ],
    "declince": [
        {
            "maximum": [
                -6.5
            ]
        }
    ],
    "heartrate": [
        {
            "average": [
                103
            ],
            "maximum": [
                125
            ],
            "minimum": [
                67
            ]
        }
    ],
    "include": [
        {
            "maximum": [
                1.75
            ]
        }
    ],
    "lr_balance": [
        {
            "average": [
                46.85070037841797
            ]
        }
    ],
    "power": [
        {
            "average": [
                92
            ],
            "maximum": [
                229
            ]
        }
    ],
    "speed": [
        {
            "average": [
                21.455101013183594
            ],
            "maximum": [
                31.215484619140625
            ]
        }
    ],
    "temperature": [
        {
            "average": [
                17.576515197753906
            ],
            "maximum": [
                17.950000762939453
            ],
            "minimum": [
                17.200000762939453
            ]
        }
    ]
}
