{
    "altitude": [
        {
            "average": [
                172.92556762695312
            ],
            "maximum": [
                173.4333038330078
            ],
            "minimum": [
                172.36648559570312
            ]
        }
    ],
    "cadence": [
        {
            "average": [
                82
            ],
            "maximum": [
                161
            ]
        }
    ],
    "declince": [
        {
            "maximum": [
                -6
            ]
        }
    ],
    "heartrate": [
        {
            "average": [
                124
            ],
            "maximum": [
                142
            ],
            "minimum": [
                90
            ]
        }
    ],
    "include": [
        {
            "maximum": [
                2.25
            ]
        }
    ],
    "lr_balance": [
        {
            "average": [
                46.1137809753418
            ]
        }
    ],
    "power": [
        {
            "average": [
                117
            ],
            "maximum": [
                520
            ]
        }
    ],
    "speed": [
        {
            "average": [
                22.11009979248047
            ],
            "maximum": [
                36.793914794921875
            ]
        }
    ],
    "temperature": [
        {
            "average": [
                16.505958557128906
            ],
            "maximum": [
                17.100000381469727
            ],
            "minimum": [
                16.100000381469727
            ]
        }
    ]
}
